// Jest Snapshot v1, https://goo.gl/fbAQLP

exports[`<ContractArea /> renders correctly 1`] = `
<div
  className="overflow-auto"
  style={
    Object {
      "maxHeight": "70vh",
    }
  }
>
  <p>
    Hello test world!
  </p>
</div>
`;
