// Jest Snapshot v1, https://goo.gl/fbAQLP

exports[`renders correctly 1`] = `
<Row
  as="section"
  md={2}
  noGutters={false}
  xs={1}
>
  <Col>
    <BasicCard
      banner="https://cliparting.com/wp-content/uploads/2016/06/Ribbon-outline-banner-clip-art-free-vector-for-free-download-about.jpg"
      description="first blog post"
      id="968769ef-231d-5501-8942-ee51d8d1324d"
      publishDate="\`January 1, 1970\`"
      title="blog-post-placerholder1"
    />
  </Col>
  <Col>
    <BasicCard
      banner="https://cliparting.com/wp-content/uploads/2016/06/Ribbon-outline-banner-clip-art-free-vector-for-free-download-about.jpg"
      description="fifth blog post"
      id="68e1f043-9989-584f-80e7-2bb2eed3f985"
      publishDate="\`January 1, 1970\`"
      title="blog-post-placerholder5"
    />
  </Col>
  <Col>
    <BasicCard
      banner="https://cliparting.com/wp-content/uploads/2016/06/Ribbon-outline-banner-clip-art-free-vector-for-free-download-about.jpg"
      description="third blog post"
      id="1a172731-99f4-5f68-8ead-23324a44f70c"
      publishDate="\`January 1, 1970\`"
      title="blog-post-placerholder3"
    />
  </Col>
  <Col>
    <BasicCard
      banner="https://cliparting.com/wp-content/uploads/2016/06/Ribbon-outline-banner-clip-art-free-vector-for-free-download-about.jpg"
      description="fourth blog post"
      id="011af6f6-6c3f-5eab-81ad-3f73e427dbd8"
      publishDate="\`January 1, 1970\`"
      title="blog-post-placerholder4"
    />
  </Col>
  <Col>
    <BasicCard
      banner="https://cliparting.com/wp-content/uploads/2016/06/Ribbon-outline-banner-clip-art-free-vector-for-free-download-about.jpg"
      description="second blog post"
      id="d28f2392-be5f-5fc1-96fb-b3c69e7dce6b"
      publishDate="\`January 1, 1970\`"
      title="blog-post-placerholder2"
    />
  </Col>
</Row>
`;
