// Jest Snapshot v1, https://goo.gl/fbAQLP

exports[`<Header /> renders correctly 1`] = `
<SectionContainer
  backgroundShade="#121212"
  style={
    Object {
      "minHeight": "68vh",
    }
  }
>
  <Logo
    styles={null}
  />
  <QuoteCard />
  <Memo(wrappedComponent) />
</SectionContainer>
`;
