// Jest Snapshot v1, https://goo.gl/fbAQLP

exports[`<Newsletter /> renders correctly 1`] = `
<SectionContainer
  backgroundShade="#121212"
>
  <h1>
    Newsletter
  </h1>
  <SocialMedia
    styles={null}
  />
</SectionContainer>
`;
