// Jest Snapshot v1, https://goo.gl/fbAQLP

exports[`<SignUpForm /> renders correctly 1`] = `
<form
  action=""
>
  <input
    className="emailInput"
    name="email"
    type="email"
  />
  <SignUpButton />
</form>
`;
