// Jest Snapshot v1, https://goo.gl/fbAQLP

exports[`<Button /> renders correctly 1`] = `
<mockConstructor
  className="test"
  to="/home"
>
  test
</mockConstructor>
`;
