// Jest Snapshot v1, https://goo.gl/fbAQLP

exports[`<CardMeta /> renders correctly 1`] = `
<p>
  November 11, 2016
</p>
`;
