// Jest Snapshot v1, https://goo.gl/fbAQLP

exports[`HamburgerButton will open correctly 1`] = `
<div>
  <button
    className="hamburgerButton"
    onClick={[Function]}
    onKeyDown={[Function]}
    style={
      Object {
        "background": "none",
        "border": "none",
        "color": "inherit",
        "cursor": "pointer",
        "font": "inherit",
        "outline": "inherit",
        "padding": 0,
      }
    }
    type="button"
  >
    <img
      alt="Open Menu"
      src="test-file-stub"
      style={
        Object {
          "color": "#70F3FF",
          "display": "block",
          "padding": "0",
          "position": "absolute",
          "right": 0,
          "top": 0,
        }
      }
    />
  </button>
  <Menu />
</div>
`;

exports[`HamburgerButton will render correctly 1`] = `
<div>
  <button
    className="hamburgerButton"
    onClick={[Function]}
    onKeyDown={[Function]}
    style={
      Object {
        "background": "none",
        "border": "none",
        "color": "inherit",
        "cursor": "pointer",
        "font": "inherit",
        "outline": "inherit",
        "padding": 0,
      }
    }
    type="button"
  >
    <img
      alt="Open Menu"
      src="test-file-stub"
      style={
        Object {
          "color": "#70F3FF",
          "display": "block",
          "padding": "0",
          "position": "absolute",
          "right": 0,
          "top": 0,
        }
      }
    />
  </button>
</div>
`;
