// Jest Snapshot v1, https://goo.gl/fbAQLP

exports[`<BlogHighlightSection /> It renders hopefully 1`] = `ShallowWrapper {}`;
