// Jest Snapshot v1, https://goo.gl/fbAQLP

exports[`<BasicCard /> renders correctly 1`] = `
<Card
  body={false}
  style={
    Object {
      "backgroundColor": "rgba(255, 255, 255, 0.05)",
      "margin": "16px 0",
    }
  }
>
  <CardImg
    alt="Banner test"
    src="test"
    style={
      Object {
        "maxHeight": "275px",
        "minHeight": "275px",
      }
    }
    variant="top"
  />
  <CardBody>
    <CardTitle>
      test
    </CardTitle>
    <CardSubtitle
      className="mb-2 text-style-muted text-color-secondary"
    >
      6/5/2020
    </CardSubtitle>
    <CardText
      className="text-color-primary"
    >
      test
    </CardText>
    <CardLink>
      <Link
        href="/"
      >
        <a>
          Read More
        </a>
      </Link>
    </CardLink>
  </CardBody>
</Card>
`;
