// Jest Snapshot v1, https://goo.gl/fbAQLP

exports[`<SignUpInfo /> renders correctly 1`] = `
<div>
  <h1>
    Follow us
  </h1>
</div>
`;
