// Jest Snapshot v1, https://goo.gl/fbAQLP

exports[`<Copyright /> renders correctly 1`] = `
<Fragment>
  <p>
    Â© 
    2020
     Coding Toast
    <br />
    Quentin Guenther, Nathan Corbin
  </p>
</Fragment>
`;
