// Jest Snapshot v1, https://goo.gl/fbAQLP

exports[`<Footer /> renders correctly 1`] = `
<Container
  className="container"
>
  <Logo
    styles={null}
  />
  <Copyright />
</Container>
`;
