// Jest Snapshot v1, https://goo.gl/fbAQLP

exports[`<ButtonWithIcon /> renders correctly without children 1`] = `
<mockConstructor
  className="button text-style-label"
  to="/"
>
  Read More
</mockConstructor>
`;
